15:18:39 **** Build of project Lab0_bsp ****
make -k all 
"Running Make include in microblaze_0/libsrc/bram_v4_2/src"
make -C microblaze_0/libsrc/bram_v4_2/src -s include  "SHELL=CMD" "COMPILER=mb-gcc" "ARCHIVER=mb-ar" "COMPILER_FLAGS=  -O2 -c -mcpu=v11.0 -mlittle-endian -mxl-soft-mul" "EXTRA_COMPILER_FLAGS=-ffunction-sections -fdata-sections -Wall -Wextra"
"Running Make include in microblaze_0/libsrc/cpu_v2_8/src"
make -C microblaze_0/libsrc/cpu_v2_8/src -s include  "SHELL=CMD" "COMPILER=mb-gcc" "ARCHIVER=mb-ar" "COMPILER_FLAGS=  -O2 -c -mcpu=v11.0 -mlittle-endian -mxl-soft-mul" "EXTRA_COMPILER_FLAGS=-ffunction-sections -fdata-sections -Wall -Wextra"
"Running Make include in microblaze_0/libsrc/iic_v3_5/src"
make -C microblaze_0/libsrc/iic_v3_5/src -s include  "SHELL=CMD" "COMPILER=mb-gcc" "ARCHIVER=mb-ar" "COMPILER_FLAGS=  -O2 -c -mcpu=v11.0 -mlittle-endian -mxl-soft-mul" "EXTRA_COMPILER_FLAGS=-ffunction-sections -fdata-sections -Wall -Wextra"
"Running Make include in microblaze_0/libsrc/standalone_v6_8/src"
make -C microblaze_0/libsrc/standalone_v6_8/src -s include  "SHELL=CMD" "COMPILER=mb-gcc" "ARCHIVER=mb-ar" "COMPILER_FLAGS=  -O2 -c -mcpu=v11.0 -mlittle-endian -mxl-soft-mul" "EXTRA_COMPILER_FLAGS=-ffunction-sections -fdata-sections -Wall -Wextra"
"Running Make include in microblaze_0/libsrc/uartlite_v3_2/src"
make -C microblaze_0/libsrc/uartlite_v3_2/src -s include  "SHELL=CMD" "COMPILER=mb-gcc" "ARCHIVER=mb-ar" "COMPILER_FLAGS=  -O2 -c -mcpu=v11.0 -mlittle-endian -mxl-soft-mul" "EXTRA_COMPILER_FLAGS=-ffunction-sections -fdata-sections -Wall -Wextra"
"Running Make libs in microblaze_0/libsrc/bram_v4_2/src"
make -C microblaze_0/libsrc/bram_v4_2/src -s libs  "SHELL=CMD" "COMPILER=mb-gcc" "ARCHIVER=mb-ar" "COMPILER_FLAGS=  -O2 -c -mcpu=v11.0 -mlittle-endian -mxl-soft-mul" "EXTRA_COMPILER_FLAGS=-ffunction-sections -fdata-sections -Wall -Wextra"
"Compiling bram"
mb-ar: creating ../../../lib/libxil.a
"Running Make libs in microblaze_0/libsrc/cpu_v2_8/src"
make -C microblaze_0/libsrc/cpu_v2_8/src -s libs  "SHELL=CMD" "COMPILER=mb-gcc" "ARCHIVER=mb-ar" "COMPILER_FLAGS=  -O2 -c -mcpu=v11.0 -mlittle-endian -mxl-soft-mul" "EXTRA_COMPILER_FLAGS=-ffunction-sections -fdata-sections -Wall -Wextra"
"Compiling cpu"
"Running Make libs in microblaze_0/libsrc/iic_v3_5/src"
make -C microblaze_0/libsrc/iic_v3_5/src -s libs  "SHELL=CMD" "COMPILER=mb-gcc" "ARCHIVER=mb-ar" "COMPILER_FLAGS=  -O2 -c -mcpu=v11.0 -mlittle-endian -mxl-soft-mul" "EXTRA_COMPILER_FLAGS=-ffunction-sections -fdata-sections -Wall -Wextra"
"Compiling iic"
"Running Make libs in microblaze_0/libsrc/standalone_v6_8/src"
make -C microblaze_0/libsrc/standalone_v6_8/src -s libs  "SHELL=CMD" "COMPILER=mb-gcc" "ARCHIVER=mb-ar" "COMPILER_FLAGS=  -O2 -c -mcpu=v11.0 -mlittle-endian -mxl-soft-mul" "EXTRA_COMPILER_FLAGS=-ffunction-sections -fdata-sections -Wall -Wextra"
"Compiling standalone";
microblaze_sleep.c:77:9: note: #pragma message: For the sleep routines, assembly instructions are used
 #pragma message ("For the sleep routines, assembly instructions are used")
         ^~~~~~~
"Running Make libs in microblaze_0/libsrc/uartlite_v3_2/src"
make -C microblaze_0/libsrc/uartlite_v3_2/src -s libs  "SHELL=CMD" "COMPILER=mb-gcc" "ARCHIVER=mb-ar" "COMPILER_FLAGS=  -O2 -c -mcpu=v11.0 -mlittle-endian -mxl-soft-mul" "EXTRA_COMPILER_FLAGS=-ffunction-sections -fdata-sections -Wall -Wextra"
"Compiling uartlite"
'Finished building libraries'
15:19:25 **** Build of configuration Debug for project Lab0 ****
make all 
'Building file: ../src/helloworld.c'
'Invoking: MicroBlaze gcc compiler'
mb-gcc -Wall -O0 -g3 -c -fmessage-length=0 -MT"src/helloworld.o" -I../../Lab0_bsp/microblaze_0/include -mlittle-endian -mcpu=v11.0 -mxl-soft-mul -Wl,--no-relax -ffunction-sections -fdata-sections -MMD -MP -MF"src/helloworld.d" -MT"src/helloworld.o" -o "src/helloworld.o" "../src/helloworld.c"
'Finished building: ../src/helloworld.c'
' '
'Building file: ../src/platform.c'
'Invoking: MicroBlaze gcc compiler'
mb-gcc -Wall -O0 -g3 -c -fmessage-length=0 -MT"src/platform.o" -I../../Lab0_bsp/microblaze_0/include -mlittle-endian -mcpu=v11.0 -mxl-soft-mul -Wl,--no-relax -ffunction-sections -fdata-sections -MMD -MP -MF"src/platform.d" -MT"src/platform.o" -o "src/platform.o" "../src/platform.c"
'Finished building: ../src/platform.c'
' '
'Building target: Lab0.elf'
'Invoking: MicroBlaze gcc linker'
mb-gcc -Wl,-T -Wl,../src/lscript.ld -L../../Lab0_bsp/microblaze_0/lib -mlittle-endian -mcpu=v11.0 -mxl-soft-mul -Wl,--no-relax -Wl,--gc-sections -o "Lab0.elf"  ./src/helloworld.o ./src/platform.o   -Wl,--start-group,-lxil,-lgcc,-lc,--end-group
'Finished building target: Lab0.elf'
' '
'Invoking: MicroBlaze Print Size'
mb-size Lab0.elf  |tee "Lab0.elf.size"
   text	   data	    bss	    dec	    hex	filename
   2712	    268	   3108	   6088	   17c8	Lab0.elf
'Finished building: Lab0.elf.size'
' '
15:20:52 **** Auto Build of configuration Debug for project Lab0 ****
make all 
'Building file: ../src/IIC.c'
'Invoking: MicroBlaze gcc compiler'
mb-gcc -Wall -O0 -g3 -c -fmessage-length=0 -MT"src/IIC.o" -I../../Lab0_bsp/microblaze_0/include -mlittle-endian -mcpu=v11.0 -mxl-soft-mul -Wl,--no-relax -ffunction-sections -fdata-sections -MMD -MP -MF"src/IIC.d" -MT"src/IIC.o" -o "src/IIC.o" "../src/IIC.c"
'Finished building: ../src/IIC.c'
' '
'Building target: Lab0.elf'
'Invoking: MicroBlaze gcc linker'
mb-gcc -Wl,-T -Wl,../src/lscript.ld -L../../Lab0_bsp/microblaze_0/lib -mlittle-endian -mcpu=v11.0 -mxl-soft-mul -Wl,--no-relax -Wl,--gc-sections -o "Lab0.elf"  ./src/IIC.o ./src/helloworld.o ./src/platform.o   -Wl,--start-group,-lxil,-lgcc,-lc,--end-group
'Finished building target: Lab0.elf'
' '
'Invoking: MicroBlaze Print Size'
mb-size Lab0.elf  |tee "Lab0.elf.size"
   text	   data	    bss	    dec	    hex	filename
   2712	    268	   3108	   6088	   17c8	Lab0.elf
'Finished building: Lab0.elf.size'
' '
15:23:13 **** Auto Build of configuration Debug for project Lab0 ****
make all 
make: Nothing to be done for 'all'.
15:27:41 **** Auto Build of configuration Debug for project Lab0 ****
make all 
make: Nothing to be done for 'all'.
15:54:51 **** Auto Build of configuration Debug for project Lab0 ****
make all 
'Building file: ../src/IIC.c'
'Invoking: MicroBlaze gcc compiler'
mb-gcc -Wall -O0 -g3 -c -fmessage-length=0 -MT"src/IIC.o" -I../../Lab0_bsp/microblaze_0/include -mlittle-endian -mcpu=v11.0 -mxl-soft-mul -Wl,--no-relax -ffunction-sections -fdata-sections -MMD -MP -MF"src/IIC.d" -MT"src/IIC.o" -o "src/IIC.o" "../src/IIC.c"
../src/IIC.c: In function 'IIC_Read_Data':
../src/IIC.c:39:35: error: 'Buffer' undeclared (first use in this function); did you mean 'mffsr'?
    XIic_Send(Base_Addr,Slave_Addr,Buffer,1,0);
                                   ^~~~~~
                                   mffsr
../src/IIC.c:39:35: note: each undeclared identifier is reported only once for each function it appears in
make: *** [src/subdir.mk:29: src/IIC.o] Error 1
15:55:35 **** Auto Build of configuration Debug for project Lab0 ****
make all 
'Building file: ../src/IIC.c'
'Invoking: MicroBlaze gcc compiler'
mb-gcc -Wall -O0 -g3 -c -fmessage-length=0 -MT"src/IIC.o" -I../../Lab0_bsp/microblaze_0/include -mlittle-endian -mcpu=v11.0 -mxl-soft-mul -Wl,--no-relax -ffunction-sections -fdata-sections -MMD -MP -MF"src/IIC.d" -MT"src/IIC.o" -o "src/IIC.o" "../src/IIC.c"
../src/IIC.c: In function 'IIC_Read_Data':
../src/IIC.c:41:33: error: 'Buffer' undeclared (first use in this function); did you mean 'mffsr'?
  XIic_Recv(Base_Addr,Slave_Addr,Buffer,1,0);
                                 ^~~~~~
                                 mffsr
../src/IIC.c:41:33: note: each undeclared identifier is reported only once for each function it appears in
make: *** [src/subdir.mk:29: src/IIC.o] Error 1
15:55:49 **** Auto Build of configuration Debug for project Lab0 ****
make all 
'Building file: ../src/IIC.c'
'Invoking: MicroBlaze gcc compiler'
mb-gcc -Wall -O0 -g3 -c -fmessage-length=0 -MT"src/IIC.o" -I../../Lab0_bsp/microblaze_0/include -mlittle-endian -mcpu=v11.0 -mxl-soft-mul -Wl,--no-relax -ffunction-sections -fdata-sections -MMD -MP -MF"src/IIC.d" -MT"src/IIC.o" -o "src/IIC.o" "../src/IIC.c"
'Finished building: ../src/IIC.c'
' '
'Building target: Lab0.elf'
'Invoking: MicroBlaze gcc linker'
mb-gcc -Wl,-T -Wl,../src/lscript.ld -L../../Lab0_bsp/microblaze_0/lib -mlittle-endian -mcpu=v11.0 -mxl-soft-mul -Wl,--no-relax -Wl,--gc-sections -o "Lab0.elf"  ./src/IIC.o ./src/helloworld.o ./src/platform.o   -Wl,--start-group,-lxil,-lgcc,-lc,--end-group
'Finished building target: Lab0.elf'
' '
'Invoking: MicroBlaze Print Size'
mb-size Lab0.elf  |tee "Lab0.elf.size"
   text	   data	    bss	    dec	    hex	filename
   2712	    268	   3108	   6088	   17c8	Lab0.elf
'Finished building: Lab0.elf.size'
' '
15:58:55 **** Auto Build of configuration Debug for project Lab0 ****
make all 
'Building file: ../src/Gyro.c'
'Invoking: MicroBlaze gcc compiler'
mb-gcc -Wall -O0 -g3 -c -fmessage-length=0 -MT"src/Gyro.o" -I../../Lab0_bsp/microblaze_0/include -mlittle-endian -mcpu=v11.0 -mxl-soft-mul -Wl,--no-relax -ffunction-sections -fdata-sections -MMD -MP -MF"src/Gyro.d" -MT"src/Gyro.o" -o "src/Gyro.o" "../src/Gyro.c"
'Finished building: ../src/Gyro.c'
' '
'Building target: Lab0.elf'
'Invoking: MicroBlaze gcc linker'
mb-gcc -Wl,-T -Wl,../src/lscript.ld -L../../Lab0_bsp/microblaze_0/lib -mlittle-endian -mcpu=v11.0 -mxl-soft-mul -Wl,--no-relax -Wl,--gc-sections -o "Lab0.elf"  ./src/Gyro.o ./src/IIC.o ./src/helloworld.o ./src/platform.o   -Wl,--start-group,-lxil,-lgcc,-lc,--end-group
'Finished building target: Lab0.elf'
' '
'Invoking: MicroBlaze Print Size'
mb-size Lab0.elf  |tee "Lab0.elf.size"
   text	   data	    bss	    dec	    hex	filename
   2712	    268	   3108	   6088	   17c8	Lab0.elf
'Finished building: Lab0.elf.size'
' '
15:59:08 **** Auto Build of configuration Debug for project Lab0 ****
make all 
make: Nothing to be done for 'all'.
16:02:58 **** Auto Build of configuration Debug for project Lab0 ****
make all 
'Building file: ../src/Gyro.c'
'Invoking: MicroBlaze gcc compiler'
mb-gcc -Wall -O0 -g3 -c -fmessage-length=0 -MT"src/Gyro.o" -I../../Lab0_bsp/microblaze_0/include -mlittle-endian -mcpu=v11.0 -mxl-soft-mul -Wl,--no-relax -ffunction-sections -fdata-sections -MMD -MP -MF"src/Gyro.d" -MT"src/Gyro.o" -o "src/Gyro.o" "../src/Gyro.c"
../src/Gyro.c: In function 'Init_Gyro':
../src/Gyro.c:47:5: error: too few arguments to function 'IIC_Read_Data'
  if(IIC_Read_Data(Gyro_IIC_Base_Addr,Gyro_Slave_ADDR,Gyro_Flag_ADDR,0)==Gyro_Flag_Value)
     ^~~~~~~~~~~~~
In file included from ../src/Gyro.c:8:0:
../src/IIC.h:15:4: note: declared here
 u8 IIC_Read_Data(int Base_Addr,u8 Slave_Addr,u16 Reg_Addr,u8 Reg_Data,u8 Dual_Addr);
    ^~~~~~~~~~~~~
../src/Gyro.c: In function 'Gyro_Angle_Data_Get':
../src/Gyro.c:63:18: error: too few arguments to function 'IIC_Read_Data'
  Angle_Data_X[0]=IIC_Read_Data(Gyro_IIC_Base_Addr,Gyro_Slave_ADDR,Gyro_X_H_G,0);
                  ^~~~~~~~~~~~~
In file included from ../src/Gyro.c:8:0:
../src/IIC.h:15:4: note: declared here
 u8 IIC_Read_Data(int Base_Addr,u8 Slave_Addr,u16 Reg_Addr,u8 Reg_Data,u8 Dual_Addr);
    ^~~~~~~~~~~~~
../src/Gyro.c:64:18: error: too few arguments to function 'IIC_Read_Data'
  Angle_Data_X[1]=IIC_Read_Data(Gyro_IIC_Base_Addr,Gyro_Slave_ADDR,Gyro_X_L_G,0);
                  ^~~~~~~~~~~~~
In file included from ../src/Gyro.c:8:0:
../src/IIC.h:15:4: note: declared here
 u8 IIC_Read_Data(int Base_Addr,u8 Slave_Addr,u16 Reg_Addr,u8 Reg_Data,u8 Dual_Addr);
    ^~~~~~~~~~~~~
../src/Gyro.c:65:18: error: too few arguments to function 'IIC_Read_Data'
  Angle_Data_X[2]=IIC_Read_Data(Gyro_IIC_Base_Addr,Gyro_Slave_ADDR,Gyro_X_H_XL,0);
                  ^~~~~~~~~~~~~
In file included from ../src/Gyro.c:8:0:
../src/IIC.h:15:4: note: declared here
 u8 IIC_Read_Data(int Base_Addr,u8 Slave_Addr,u16 Reg_Addr,u8 Reg_Data,u8 Dual_Addr);
    ^~~~~~~~~~~~~
../src/Gyro.c:66:18: error: too few arguments to function 'IIC_Read_Data'
  Angle_Data_X[3]=IIC_Read_Data(Gyro_IIC_Base_Addr,Gyro_Slave_ADDR,Gyro_X_L_XL,0);
                  ^~~~~~~~~~~~~
In file included from ../src/Gyro.c:8:0:
../src/IIC.h:15:4: note: declared here
 u8 IIC_Read_Data(int Base_Addr,u8 Slave_Addr,u16 Reg_Addr,u8 Reg_Data,u8 Dual_Addr);
    ^~~~~~~~~~~~~
../src/Gyro.c:68:18: error: too few arguments to function 'IIC_Read_Data'
  Angle_Data_Y[0]=IIC_Read_Data(Gyro_IIC_Base_Addr,Gyro_Slave_ADDR,Gyro_Y_H_G,0);
                  ^~~~~~~~~~~~~
In file included from ../src/Gyro.c:8:0:
../src/IIC.h:15:4: note: declared here
 u8 IIC_Read_Data(int Base_Addr,u8 Slave_Addr,u16 Reg_Addr,u8 Reg_Data,u8 Dual_Addr);
    ^~~~~~~~~~~~~
../src/Gyro.c:69:18: error: too few arguments to function 'IIC_Read_Data'
  Angle_Data_Y[1]=IIC_Read_Data(Gyro_IIC_Base_Addr,Gyro_Slave_ADDR,Gyro_Y_L_G,0);
                  ^~~~~~~~~~~~~
In file included from ../src/Gyro.c:8:0:
../src/IIC.h:15:4: note: declared here
 u8 IIC_Read_Data(int Base_Addr,u8 Slave_Addr,u16 Reg_Addr,u8 Reg_Data,u8 Dual_Addr);
    ^~~~~~~~~~~~~
../src/Gyro.c:70:18: error: too few arguments to function 'IIC_Read_Data'
  Angle_Data_Y[2]=IIC_Read_Data(Gyro_IIC_Base_Addr,Gyro_Slave_ADDR,Gyro_Y_H_XL,0);
                  ^~~~~~~~~~~~~
In file included from ../src/Gyro.c:8:0:
../src/IIC.h:15:4: note: declared here
 u8 IIC_Read_Data(int Base_Addr,u8 Slave_Addr,u16 Reg_Addr,u8 Reg_Data,u8 Dual_Addr);
    ^~~~~~~~~~~~~
../src/Gyro.c:71:18: error: too few arguments to function 'IIC_Read_Data'
  Angle_Data_Y[3]=IIC_Read_Data(Gyro_IIC_Base_Addr,Gyro_Slave_ADDR,Gyro_Y_L_XL,0);
                  ^~~~~~~~~~~~~
In file included from ../src/Gyro.c:8:0:
../src/IIC.h:15:4: note: declared here
 u8 IIC_Read_Data(int Base_Addr,u8 Slave_Addr,u16 Reg_Addr,u8 Reg_Data,u8 Dual_Addr);
    ^~~~~~~~~~~~~
../src/Gyro.c:73:18: error: too few arguments to function 'IIC_Read_Data'
  Angle_Data_Z[0]=IIC_Read_Data(Gyro_IIC_Base_Addr,Gyro_Slave_ADDR,Gyro_Z_H_G,0);
                  ^~~~~~~~~~~~~
In file included from ../src/Gyro.c:8:0:
../src/IIC.h:15:4: note: declared here
 u8 IIC_Read_Data(int Base_Addr,u8 Slave_Addr,u16 Reg_Addr,u8 Reg_Data,u8 Dual_Addr);
    ^~~~~~~~~~~~~
../src/Gyro.c:74:18: error: too few arguments to function 'IIC_Read_Data'
  Angle_Data_Z[1]=IIC_Read_Data(Gyro_IIC_Base_Addr,Gyro_Slave_ADDR,Gyro_Z_L_G,0);
                  ^~~~~~~~~~~~~
In file included from ../src/Gyro.c:8:0:
../src/IIC.h:15:4: note: declared here
 u8 IIC_Read_Data(int Base_Addr,u8 Slave_Addr,u16 Reg_Addr,u8 Reg_Data,u8 Dual_Addr);
    ^~~~~~~~~~~~~
../src/Gyro.c:75:18: error: too few arguments to function 'IIC_Read_Data'
  Angle_Data_Z[2]=IIC_Read_Data(Gyro_IIC_Base_Addr,Gyro_Slave_ADDR,Gyro_Z_H_XL,0);
                  ^~~~~~~~~~~~~
In file included from ../src/Gyro.c:8:0:
../src/IIC.h:15:4: note: declared here
 u8 IIC_Read_Data(int Base_Addr,u8 Slave_Addr,u16 Reg_Addr,u8 Reg_Data,u8 Dual_Addr);
    ^~~~~~~~~~~~~
../src/Gyro.c:76:18: error: too few arguments to function 'IIC_Read_Data'
  Angle_Data_Z[3]=IIC_Read_Data(Gyro_IIC_Base_Addr,Gyro_Slave_ADDR,Gyro_Z_L_XL,0);
                  ^~~~~~~~~~~~~
In file included from ../src/Gyro.c:8:0:
../src/IIC.h:15:4: note: declared here
 u8 IIC_Read_Data(int Base_Addr,u8 Slave_Addr,u16 Reg_Addr,u8 Reg_Data,u8 Dual_Addr);
    ^~~~~~~~~~~~~
../src/Gyro.c: In function 'Gyro_Temp_Data_Get':
../src/Gyro.c:82:15: error: too few arguments to function 'IIC_Read_Data'
  Temp_Data[1]=IIC_Read_Data(Gyro_IIC_Base_Addr,Gyro_Slave_ADDR,Gyro_Temp_H,0);
               ^~~~~~~~~~~~~
In file included from ../src/Gyro.c:8:0:
../src/IIC.h:15:4: note: declared here
 u8 IIC_Read_Data(int Base_Addr,u8 Slave_Addr,u16 Reg_Addr,u8 Reg_Data,u8 Dual_Addr);
    ^~~~~~~~~~~~~
../src/Gyro.c:84:15: error: too few arguments to function 'IIC_Read_Data'
  Temp_Data[0]=IIC_Read_Data(Gyro_IIC_Base_Addr,Gyro_Slave_ADDR,Gyro_Temp_L,0);
               ^~~~~~~~~~~~~
In file included from ../src/Gyro.c:8:0:
../src/IIC.h:15:4: note: declared here
 u8 IIC_Read_Data(int Base_Addr,u8 Slave_Addr,u16 Reg_Addr,u8 Reg_Data,u8 Dual_Addr);
    ^~~~~~~~~~~~~
../src/Gyro.c: In function 'Gyro_Mag_Data_Get':
../src/Gyro.c:90:15: error: too few arguments to function 'IIC_Read_Data'
 Mag_Data_X[0]=IIC_Read_Data(Gyro_IIC_Base_Addr,Gyro_Slave_ADDR,Gyro_Mag_X_L,0);
               ^~~~~~~~~~~~~
In file included from ../src/Gyro.c:8:0:
../src/IIC.h:15:4: note: declared here
 u8 IIC_Read_Data(int Base_Addr,u8 Slave_Addr,u16 Reg_Addr,u8 Reg_Data,u8 Dual_Addr);
    ^~~~~~~~~~~~~
../src/Gyro.c:91:15: error: too few arguments to function 'IIC_Read_Data'
 Mag_Data_X[1]=IIC_Read_Data(Gyro_IIC_Base_Addr,Gyro_Slave_ADDR,Gyro_Mag_X_H,0);
               ^~~~~~~~~~~~~
In file included from ../src/Gyro.c:8:0:
../src/IIC.h:15:4: note: declared here
 u8 IIC_Read_Data(int Base_Addr,u8 Slave_Addr,u16 Reg_Addr,u8 Reg_Data,u8 Dual_Addr);
    ^~~~~~~~~~~~~
../src/Gyro.c:93:15: error: too few arguments to function 'IIC_Read_Data'
 Mag_Data_Y[0]=IIC_Read_Data(Gyro_IIC_Base_Addr,Gyro_Slave_ADDR,Gyro_Mag_Y_L,0);
               ^~~~~~~~~~~~~
In file included from ../src/Gyro.c:8:0:
../src/IIC.h:15:4: note: declared here
 u8 IIC_Read_Data(int Base_Addr,u8 Slave_Addr,u16 Reg_Addr,u8 Reg_Data,u8 Dual_Addr);
    ^~~~~~~~~~~~~
../src/Gyro.c:94:15: error: too few arguments to function 'IIC_Read_Data'
 Mag_Data_Y[1]=IIC_Read_Data(Gyro_IIC_Base_Addr,Gyro_Slave_ADDR,Gyro_Mag_Y_H,0);
               ^~~~~~~~~~~~~
In file included from ../src/Gyro.c:8:0:
../src/IIC.h:15:4: note: declared here
 u8 IIC_Read_Data(int Base_Addr,u8 Slave_Addr,u16 Reg_Addr,u8 Reg_Data,u8 Dual_Addr);
    ^~~~~~~~~~~~~
../src/Gyro.c:96:15: error: too few arguments to function 'IIC_Read_Data'
 Mag_Data_Z[0]=IIC_Read_Data(Gyro_IIC_Base_Addr,Gyro_Slave_ADDR,Gyro_Mag_Z_L,0);
               ^~~~~~~~~~~~~
In file included from ../src/Gyro.c:8:0:
../src/IIC.h:15:4: note: declared here
 u8 IIC_Read_Data(int Base_Addr,u8 Slave_Addr,u16 Reg_Addr,u8 Reg_Data,u8 Dual_Addr);
    ^~~~~~~~~~~~~
../src/Gyro.c:97:15: error: too few arguments to function 'IIC_Read_Data'
 Mag_Data_Z[1]=IIC_Read_Data(Gyro_IIC_Base_Addr,Gyro_Slave_ADDR,Gyro_Mag_Z_H,0);
               ^~~~~~~~~~~~~
In file included from ../src/Gyro.c:8:0:
../src/IIC.h:15:4: note: declared here
 u8 IIC_Read_Data(int Base_Addr,u8 Slave_Addr,u16 Reg_Addr,u8 Reg_Data,u8 Dual_Addr);
    ^~~~~~~~~~~~~
make: *** [src/subdir.mk:32: src/Gyro.o] Error 1
16:05:55 **** Auto Build of configuration Debug for project Lab0 ****
make all 
'Building file: ../src/Gyro.c'
'Invoking: MicroBlaze gcc compiler'
mb-gcc -Wall -O0 -g3 -c -fmessage-length=0 -MT"src/Gyro.o" -I../../Lab0_bsp/microblaze_0/include -mlittle-endian -mcpu=v11.0 -mxl-soft-mul -Wl,--no-relax -ffunction-sections -fdata-sections -MMD -MP -MF"src/Gyro.d" -MT"src/Gyro.o" -o "src/Gyro.o" "../src/Gyro.c"
'Finished building: ../src/Gyro.c'
' '
'Building file: ../src/IIC.c'
'Invoking: MicroBlaze gcc compiler'
mb-gcc -Wall -O0 -g3 -c -fmessage-length=0 -MT"src/IIC.o" -I../../Lab0_bsp/microblaze_0/include -mlittle-endian -mcpu=v11.0 -mxl-soft-mul -Wl,--no-relax -ffunction-sections -fdata-sections -MMD -MP -MF"src/IIC.d" -MT"src/IIC.o" -o "src/IIC.o" "../src/IIC.c"
../src/IIC.c:27:4: error: conflicting types for 'IIC_Read_Data'
 u8 IIC_Read_Data(int Base_Addr,u8 Slave_Addr,u16 Reg_Addr,u8 Reg_Data,u8 Dual_Addr){
    ^~~~~~~~~~~~~
In file included from ../src/IIC.c:7:0:
../src/IIC.h:15:4: note: previous declaration of 'IIC_Read_Data' was here
 u8 IIC_Read_Data(int Base_Addr,u8 Slave_Addr,u16 Reg_Addr,u8 Dual_Addr);
    ^~~~~~~~~~~~~
make: *** [src/subdir.mk:32: src/IIC.o] Error 1
16:06:07 **** Auto Build of configuration Debug for project Lab0 ****
make all 
'Building file: ../src/IIC.c'
'Invoking: MicroBlaze gcc compiler'
mb-gcc -Wall -O0 -g3 -c -fmessage-length=0 -MT"src/IIC.o" -I../../Lab0_bsp/microblaze_0/include -mlittle-endian -mcpu=v11.0 -mxl-soft-mul -Wl,--no-relax -ffunction-sections -fdata-sections -MMD -MP -MF"src/IIC.d" -MT"src/IIC.o" -o "src/IIC.o" "../src/IIC.c"
'Finished building: ../src/IIC.c'
' '
'Building target: Lab0.elf'
'Invoking: MicroBlaze gcc linker'
mb-gcc -Wl,-T -Wl,../src/lscript.ld -L../../Lab0_bsp/microblaze_0/lib -mlittle-endian -mcpu=v11.0 -mxl-soft-mul -Wl,--no-relax -Wl,--gc-sections -o "Lab0.elf"  ./src/Gyro.o ./src/IIC.o ./src/helloworld.o ./src/platform.o   -Wl,--start-group,-lxil,-lgcc,-lc,--end-group
'Finished building target: Lab0.elf'
' '
'Invoking: MicroBlaze Print Size'
mb-size Lab0.elf  |tee "Lab0.elf.size"
   text	   data	    bss	    dec	    hex	filename
   2712	    268	   3108	   6088	   17c8	Lab0.elf
'Finished building: Lab0.elf.size'
' '
16:22:20 **** Auto Build of configuration Debug for project Lab0 ****
make all 
'Building file: ../src/helloworld.c'
'Invoking: MicroBlaze gcc compiler'
mb-gcc -Wall -O0 -g3 -c -fmessage-length=0 -MT"src/helloworld.o" -I../../Lab0_bsp/microblaze_0/include -mlittle-endian -mcpu=v11.0 -mxl-soft-mul -Wl,--no-relax -ffunction-sections -fdata-sections -MMD -MP -MF"src/helloworld.d" -MT"src/helloworld.o" -o "src/helloworld.o" "../src/helloworld.c"
../src/helloworld.c: In function 'main':
../src/helloworld.c:58:5: warning: implicit declaration of function 'Init_Gyro' [-Wimplicit-function-declaration]
     Init_Gyro();
     ^~~~~~~~~
../src/helloworld.c:69:3: warning: implicit declaration of function 'Gyro_Angle_Data_Get' [-Wimplicit-function-declaration]
   Gyro_Angle_Data_Get(Angle_X,Angle_Y,Angle_Z);
   ^~~~~~~~~~~~~~~~~~~
../src/helloworld.c:70:3: warning: implicit declaration of function 'Gyro_Mag_Data_Get' [-Wimplicit-function-declaration]
   Gyro_Mag_Data_Get(Mag_X,Mag_Y,Mag_Z);
   ^~~~~~~~~~~~~~~~~
../src/helloworld.c:74:4: warning: implicit declaration of function 'XUartLite_SendByte' [-Wimplicit-function-declaration]
    XUartLite_SendByte(0x40600000,Angle_X[a]);
    ^~~~~~~~~~~~~~~~~~
'Finished building: ../src/helloworld.c'
' '
'Building target: Lab0.elf'
'Invoking: MicroBlaze gcc linker'
mb-gcc -Wl,-T -Wl,../src/lscript.ld -L../../Lab0_bsp/microblaze_0/lib -mlittle-endian -mcpu=v11.0 -mxl-soft-mul -Wl,--no-relax -Wl,--gc-sections -o "Lab0.elf"  ./src/Gyro.o ./src/IIC.o ./src/helloworld.o ./src/platform.o   -Wl,--start-group,-lxil,-lgcc,-lc,--end-group
'Finished building target: Lab0.elf'
' '
'Invoking: MicroBlaze Print Size'
mb-size Lab0.elf  |tee "Lab0.elf.size"
   text	   data	    bss	    dec	    hex	filename
   5494	    268	   3110	   8872	   22a8	Lab0.elf
'Finished building: Lab0.elf.size'
' '
