16:22:20 **** Auto Build of configuration Debug for project Lab0 ****
make all 
'Building file: ../src/helloworld.c'
'Invoking: MicroBlaze gcc compiler'
mb-gcc -Wall -O0 -g3 -c -fmessage-length=0 -MT"src/helloworld.o" -I../../Lab0_bsp/microblaze_0/include -mlittle-endian -mcpu=v11.0 -mxl-soft-mul -Wl,--no-relax -ffunction-sections -fdata-sections -MMD -MP -MF"src/helloworld.d" -MT"src/helloworld.o" -o "src/helloworld.o" "../src/helloworld.c"
../src/helloworld.c: In function 'main':
../src/helloworld.c:58:5: warning: implicit declaration of function 'Init_Gyro' [-Wimplicit-function-declaration]
     Init_Gyro();
     ^~~~~~~~~
../src/helloworld.c:69:3: warning: implicit declaration of function 'Gyro_Angle_Data_Get' [-Wimplicit-function-declaration]
   Gyro_Angle_Data_Get(Angle_X,Angle_Y,Angle_Z);
   ^~~~~~~~~~~~~~~~~~~
../src/helloworld.c:70:3: warning: implicit declaration of function 'Gyro_Mag_Data_Get' [-Wimplicit-function-declaration]
   Gyro_Mag_Data_Get(Mag_X,Mag_Y,Mag_Z);
   ^~~~~~~~~~~~~~~~~
../src/helloworld.c:74:4: warning: implicit declaration of function 'XUartLite_SendByte' [-Wimplicit-function-declaration]
    XUartLite_SendByte(0x40600000,Angle_X[a]);
    ^~~~~~~~~~~~~~~~~~
'Finished building: ../src/helloworld.c'
' '
'Building target: Lab0.elf'
'Invoking: MicroBlaze gcc linker'
mb-gcc -Wl,-T -Wl,../src/lscript.ld -L../../Lab0_bsp/microblaze_0/lib -mlittle-endian -mcpu=v11.0 -mxl-soft-mul -Wl,--no-relax -Wl,--gc-sections -o "Lab0.elf"  ./src/Gyro.o ./src/IIC.o ./src/helloworld.o ./src/platform.o   -Wl,--start-group,-lxil,-lgcc,-lc,--end-group
'Finished building target: Lab0.elf'
' '
'Invoking: MicroBlaze Print Size'
mb-size Lab0.elf  |tee "Lab0.elf.size"
   text	   data	    bss	    dec	    hex	filename
   5494	    268	   3110	   8872	   22a8	Lab0.elf
'Finished building: Lab0.elf.size'
' '

16:22:22 Build Finished (took 2s.143ms)

